SOURCE_COMMIT=SOURCE_COMMIT=de3b499  NODE=tg11303.tamia.ecpia.ca  JOB=407008
index, name, memory.total [MiB]
0, NVIDIA H100 80GB HBM3, 81559 MiB
1, NVIDIA H100 80GB HBM3, 81559 MiB
2, NVIDIA H100 80GB HBM3, 81559 MiB
3, NVIDIA H100 80GB HBM3, 81559 MiB
PASS: 11/11 cases passed (executed 11/11). JSON: results/final_pairing/gpu_job_407008/symlink_preflight_result.json
Loading weights:   0%|          | 0/1065 [00:00<?, ?it/s]Loading weights:  60%|██████    | 639/1065 [00:00<00:00, 6269.01it/s]Loading weights: 100%|██████████| 1065/1065 [00:00<00:00, 3566.86it/s]
Loaded pretrained model google/gemma-3-12b-pt into HookedTransformer
{
  "identical_text": true,
  "first_char_divergence": null,
  "sweep_path_text": "\n\nDon If You Don If You Don If If\n\nIf You Don If You Don If If\n\nIf You Don If You Don If If\n\nIf You Don If You If\n\nIf You Don If\n\nIf\n\n If\n\n If\n\n If\n\n If\n\n If\n\n If\n\n If\n\n If\n\n If\n\n If\n\n If",
  "tool_path_text": "\n\nDon If You Don If You Don If If\n\nIf You Don If You Don If If\n\nIf You Don If You Don If If\n\nIf You Don If You If\n\nIf You Don If\n\nIf\n\n If\n\n If\n\n If\n\n If\n\n If\n\n If\n\n If\n\n If\n\n If\n\n If\n\n If",
  "token_ids_available": true,
  "identical_token_ids": true,
  "sweep_path_token_ids": [
    108,
    8993,
    1637,
    1599,
    5185,
    1637,
    1599,
    5185,
    1637,
    1637,
    108,
    2859,
    1599,
    5185,
    1637,
    1599,
    5185,
    1637,
    1637,
    108,
    2859,
    1599,
    5185,
    1637,
    1599,
    5185,
    1637,
    1637,
    108,
    2859,
    1599,
    5185,
    1637,
    1599,
    1637,
    108,
    2859,
    1599,
    5185,
    1637,
    108,
    2859,
    108,
    1637,
    108,
    1637,
    108,
    1637,
    108,
    1637,
    108,
    1637,
    108,
    1637,
    108,
    1637,
    108,
    1637,
    108,
    1637,
    108,
    1637,
    108,
    1637
  ],
  "tool_path_token_ids": [
    108,
    8993,
    1637,
    1599,
    5185,
    1637,
    1599,
    5185,
    1637,
    1637,
    108,
    2859,
    1599,
    5185,
    1637,
    1599,
    5185,
    1637,
    1637,
    108,
    2859,
    1599,
    5185,
    1637,
    1599,
    5185,
    1637,
    1637,
    108,
    2859,
    1599,
    5185,
    1637,
    1599,
    1637,
    108,
    2859,
    1599,
    5185,
    1637,
    108,
    2859,
    108,
    1637,
    108,
    1637,
    108,
    1637,
    108,
    1637,
    108,
    1637,
    108,
    1637,
    108,
    1637,
    108,
    1637,
    108,
    1637,
    108,
    1637,
    108,
    1637
  ],
  "activation_positions_compared": 71,
  "max_abs_activation_diff": 0.0,
  "mean_abs_activation_diff": 0.0,
  "activations_effectively_identical": true,
  "gate_criteria": {
    "identical_text": true,
    "identical_token_ids": true,
    "activations_effectively_identical": true
  },
  "gate_passed": true,
  "clamp_value": 42869.2928,
  "feature_idx": 250,
  "mode": "steer",
  "dose_multiple": 4.0,
  "positions": "all",
  "prompt_len_tokens": 7
}
Loading weights:   0%|          | 0/1065 [00:00<?, ?it/s]Loading weights:  57%|█████▋    | 610/1065 [00:00<00:00, 6098.77it/s]Loading weights: 100%|██████████| 1065/1065 [00:00<00:00, 5094.79it/s]
Loaded pretrained model google/gemma-3-12b-it into HookedTransformer
{
  "hook_invocation_count": 8,
  "prefill_call_count": 1,
  "decode_call_count": 7,
  "nonzero_steer_confirmed": true,
  "first_disappearance_boundary": null
}
Loading weights:   0%|          | 0/1065 [00:00<?, ?it/s]Loading weights:  68%|██████▊   | 719/1065 [00:00<00:00, 7184.49it/s]Loading weights: 100%|██████████| 1065/1065 [00:00<00:00, 5842.48it/s]
Loaded pretrained model google/gemma-3-12b-it into HookedTransformer
{
  "hook_invocation_count": 8,
  "prefill_call_count": 1,
  "decode_call_count": 7,
  "nonzero_steer_confirmed": true,
  "first_disappearance_boundary": null
}
{
  "status": "complete_pass",
  "overall_exit_code": 0,
  "preflight": {
    "name": "symlink_containment_preflight",
    "command": [
      "/home/y/yazid/sprint-venv/bin/python",
      "/scratch/y/yazid/final_pairing_20260812_de3b499/final_pairing_de3b499/scripts/legacy/final_pairing_symlink_preflight.py",
      "--out",
      "results/final_pairing/gpu_job_407008/symlink_preflight_result.json",
      "--source-commit",
      "de3b499"
    ],
    "attempted": true,
    "exit_code": 0,
    "json_path": "results/final_pairing/gpu_job_407008/symlink_preflight_result.json",
    "executed_count": 11,
    "passed_count": 11,
    "overall_passed": true
  },
  "step0": {
    "name": "step0_differential_check",
    "command": [
      "/home/y/yazid/sprint-venv/bin/python",
      "/scratch/y/yazid/final_pairing_20260812_de3b499/final_pairing_de3b499/scripts/legacy/gemma3_tool_diff_test.py",
      "--model-path",
      "/scratch/y/yazid/hf_cache/hub/models--google--gemma-3-12b-it/snapshots/96b6f1eccf38110c56df3a15bffe176da04bfd80",
      "--sae-path",
      "/scratch/y/yazid/hf_cache/hub/models--google--gemma-scope-2-12b-it/snapshots/4c419f1ba0be8b7754d4151d4f26c23b92a9029e",
      "--sweep-module",
      "/scratch/y/yazid/final_pairing_20260812_de3b499/final_pairing_de3b499/scripts/legacy/gemma3_sweep.py",
      "--feature-idx",
      "250",
      "--mode",
      "steer",
      "--dose-multiple",
      "4.0",
      "--positions",
      "all",
      "--prompt",
      "Tell me about your day.",
      "--seed",
      "0",
      "--max-new-tokens",
      "64",
      "--device",
      "cuda",
      "--dtype",
      "bfloat16"
    ],
    "attempted": true,
    "exit_code": 0
  },
  "scenarios": [
    {
      "name": "gemma_it_all",
      "command": [
        "/home/y/yazid/sprint-venv/bin/python",
        "/scratch/y/yazid/final_pairing_20260812_de3b499/final_pairing_de3b499/scripts/legacy/final_pairing_harness.py",
        "--target",
        "gemma-3-12b-it",
        "--model-path",
        "/scratch/y/yazid/hf_cache/hub/models--google--gemma-3-12b-it/snapshots/96b6f1eccf38110c56df3a15bffe176da04bfd80",
        "--sae-path",
        "/scratch/y/yazid/hf_cache/hub/models--google--gemma-scope-2-12b-it/snapshots/4c419f1ba0be8b7754d4151d4f26c23b92a9029e",
        "--feature-idx",
        "250",
        "--mode",
        "steer",
        "--raw-clamp-value",
        "5000.0",
        "--positions",
        "all",
        "--prompt",
        "Tell me about your day.",
        "--seed",
        "0",
        "--max-new-tokens",
        "8",
        "--device",
        "cuda",
        "--dtype",
        "bfloat16",
        "--out",
        "results/final_pairing/gpu_job_407008/gemma_3_12b_it_all.json",
        "--expected-model-revision",
        "96b6f1eccf38110c56df3a15bffe176da04bfd80",
        "--expected-sae-revision",
        "4c419f1ba0be8b7754d4151d4f26c23b92a9029e"
      ],
      "attempted": true,
      "exit_code": 0
    },
    {
      "name": "gemma_it_generated_only",
      "command": [
        "/home/y/yazid/sprint-venv/bin/python",
        "/scratch/y/yazid/final_pairing_20260812_de3b499/final_pairing_de3b499/scripts/legacy/final_pairing_harness.py",
        "--target",
        "gemma-3-12b-it",
        "--model-path",
        "/scratch/y/yazid/hf_cache/hub/models--google--gemma-3-12b-it/snapshots/96b6f1eccf38110c56df3a15bffe176da04bfd80",
        "--sae-path",
        "/scratch/y/yazid/hf_cache/hub/models--google--gemma-scope-2-12b-it/snapshots/4c419f1ba0be8b7754d4151d4f26c23b92a9029e",
        "--feature-idx",
        "250",
        "--mode",
        "steer",
        "--raw-clamp-value",
        "5000.0",
        "--positions",
        "generated_only",
        "--prompt",
        "Tell me about your day.",
        "--seed",
        "0",
        "--max-new-tokens",
        "8",
        "--device",
        "cuda",
        "--dtype",
        "bfloat16",
        "--out",
        "results/final_pairing/gpu_job_407008/gemma_3_12b_it_generated_only.json",
        "--expected-model-revision",
        "96b6f1eccf38110c56df3a15bffe176da04bfd80",
        "--expected-sae-revision",
        "4c419f1ba0be8b7754d4151d4f26c23b92a9029e"
      ],
      "attempted": true,
      "exit_code": 0
    }
  ]
}
GPU_JOB_EXIT=0
===== ARTIFACTS =====
total 17
-rw-r----- 1 yazid yazid 8887 Aug 12 19:01 gemma_3_12b_it_all.json
-rw-r----- 1 yazid yazid 8886 Aug 12 19:02 gemma_3_12b_it_generated_only.json
-rw-r----- 1 yazid yazid 4262 Aug 12 19:03 job_result.json
-rw-r----- 1 yazid yazid 2783 Aug 12 18:58 symlink_preflight_result.json

======== GPU REPORT ========

==============NVSMI LOG==============

Timestamp                                              : Wed Aug 12 19:03:01 2026
Driver Version                                         : 580.159.04
CUDA Version                                           : 13.0

Attached GPUs                                          : 4
GPU 00000000:4E:00.0
    Accounting Mode                                    : Enabled
    Accounting Mode Buffer Size                        : 4000
    Accounted Processes
        Process ID                                     : 1458764
            GPU Utilization                            : 15 %
            Memory Utilization                         : 3 %
            Max memory usage                           : 31988 MiB
            Time                                       : 106622 ms
            Is Running                                 : 0
        Process ID                                     : 1458946
            GPU Utilization                            : 2 %
            Memory Utilization                         : 0 %
            Max memory usage                           : 31420 MiB
            Time                                       : 56031 ms
            Is Running                                 : 0
        Process ID                                     : 1459046
            GPU Utilization                            : 2 %
            Memory Utilization                         : 0 %
            Max memory usage                           : 31420 MiB
            Time                                       : 56014 ms
            Is Running                                 : 0

GPU 00000000:5F:00.0
    Accounting Mode                                    : Enabled
    Accounting Mode Buffer Size                        : 4000
    Accounted Processes                                : None

GPU 00000000:CB:00.0
    Accounting Mode                                    : Enabled
    Accounting Mode Buffer Size                        : 4000
    Accounted Processes                                : None

GPU 00000000:DB:00.0
    Accounting Mode                                    : Enabled
    Accounting Mode Buffer Size                        : 4000
    Accounted Processes                                : None

Wed Aug 12 19:03:01 2026       
+-----------------------------------------------------------------------------------------+
| NVIDIA-SMI 580.159.04             Driver Version: 580.159.04     CUDA Version: 13.0     |
+-----------------------------------------+------------------------+----------------------+
| GPU  Name                 Persistence-M | Bus-Id          Disp.A | Volatile Uncorr. ECC |
| Fan  Temp   Perf          Pwr:Usage/Cap |           Memory-Usage | GPU-Util  Compute M. |
|                                         |                        |               MIG M. |
|=========================================+========================+======================|
|   0  NVIDIA H100 80GB HBM3          On  |   00000000:4E:00.0 Off |                    0 |
| N/A   40C    P0            128W /  700W |       0MiB /  81559MiB |      0%      Default |
|                                         |                        |             Disabled |
+-----------------------------------------+------------------------+----------------------+
|   1  NVIDIA H100 80GB HBM3          On  |   00000000:5F:00.0 Off |                    0 |
| N/A   38C    P0             72W /  700W |       0MiB /  81559MiB |      0%      Default |
|                                         |                        |             Disabled |
+-----------------------------------------+------------------------+----------------------+
|   2  NVIDIA H100 80GB HBM3          On  |   00000000:CB:00.0 Off |                    0 |
| N/A   40C    P0             71W /  700W |       0MiB /  81559MiB |      0%      Default |
|                                         |                        |             Disabled |
+-----------------------------------------+------------------------+----------------------+
|   3  NVIDIA H100 80GB HBM3          On  |   00000000:DB:00.0 Off |                    0 |
| N/A   39C    P0             71W /  700W |       0MiB /  81559MiB |      0%      Default |
|                                         |                        |             Disabled |
+-----------------------------------------+------------------------+----------------------+

+-----------------------------------------------------------------------------------------+
| Processes:                                                                              |
|  GPU   GI   CI              PID   Type   Process name                        GPU Memory |
|        ID   ID                                                               Usage      |
|=========================================================================================|
|  No running processes found                                                             |
+-----------------------------------------------------------------------------------------+
